2026-03-06 21:04:56.452 [main] DEBUG org.apache.ibatis.logging.LogFactory - Logging initialized using 'class org.apache.ibatis.logging.slf4j.Slf4jImpl' adapter.
2026-03-06 21:04:56.462 [main] DEBUG o.apache.ibatis.datasource.pooled.PooledDataSource - PooledDataSource forcefully closed/removed all connections.
2026-03-06 21:04:56.462 [main] DEBUG o.apache.ibatis.datasource.pooled.PooledDataSource - PooledDataSource forcefully closed/removed all connections.
2026-03-06 21:04:56.462 [main] DEBUG o.apache.ibatis.datasource.pooled.PooledDataSource - PooledDataSource forcefully closed/removed all connections.
2026-03-06 21:04:56.463 [main] DEBUG o.apache.ibatis.datasource.pooled.PooledDataSource - PooledDataSource forcefully closed/removed all connections.
2026-03-06 21:04:56.506 [main] DEBUG o.apache.ibatis.transaction.jdbc.JdbcTransaction - Opening JDBC Connection
2026-03-06 21:04:56.859 [main] DEBUG o.apache.ibatis.datasource.pooled.PooledDataSource - Created connection 2014563089.
2026-03-06 21:04:56.860 [main] DEBUG o.apache.ibatis.transaction.jdbc.JdbcTransaction - Setting autocommit to false on JDBC Connection [com.mysql.cj.jdbc.ConnectionImpl@7813cb11]
2026-03-06 21:04:56.865 [main] DEBUG car.insertCar - ==>  Preparing: insert into t_car(car_num, brand, guide_price, produce_time, car_type) values(?, ?, ?, ?, ?)
2026-03-06 21:04:56.892 [main] DEBUG car.insertCar - ==> Parameters: 104(String), 开发库测试车(String), 10.0(Double), 2026-01-01(String), 燃油车(String)
2026-03-06 21:04:56.896 [main] DEBUG car.insertCar - <==    Updates: 1
2026-03-06 21:04:56.897 [main] DEBUG o.apache.ibatis.transaction.jdbc.JdbcTransaction - Committing JDBC Connection [com.mysql.cj.jdbc.ConnectionImpl@7813cb11]
2026-03-06 21:04:56.899 [main] DEBUG o.apache.ibatis.transaction.jdbc.JdbcTransaction - Resetting autocommit to true on JDBC Connection [com.mysql.cj.jdbc.ConnectionImpl@7813cb11]
2026-03-06 21:04:56.900 [main] DEBUG o.apache.ibatis.transaction.jdbc.JdbcTransaction - Closing JDBC Connection [com.mysql.cj.jdbc.ConnectionImpl@7813cb11]
2026-03-06 21:04:56.900 [main] DEBUG o.apache.ibatis.datasource.pooled.PooledDataSource - Returned connection 2014563089 to pool.
2026-03-06 21:04:56.907 [main] DEBUG o.apache.ibatis.datasource.pooled.PooledDataSource - PooledDataSource forcefully closed/removed all connections.
2026-03-06 21:04:56.907 [main] DEBUG o.apache.ibatis.datasource.pooled.PooledDataSource - PooledDataSource forcefully closed/removed all connections.
2026-03-06 21:04:56.907 [main] DEBUG o.apache.ibatis.datasource.pooled.PooledDataSource - PooledDataSource forcefully closed/removed all connections.
2026-03-06 21:04:56.907 [main] DEBUG o.apache.ibatis.datasource.pooled.PooledDataSource - PooledDataSource forcefully closed/removed all connections.
2026-03-06 21:04:56.914 [main] DEBUG o.apache.ibatis.transaction.jdbc.JdbcTransaction - Opening JDBC Connection
2026-03-06 21:12:09.002 [main] DEBUG org.apache.ibatis.logging.LogFactory - Logging initialized using 'class org.apache.ibatis.logging.slf4j.Slf4jImpl' adapter.
2026-03-06 21:12:09.009 [main] DEBUG o.apache.ibatis.datasource.pooled.PooledDataSource - PooledDataSource forcefully closed/removed all connections.
2026-03-06 21:12:09.010 [main] DEBUG o.apache.ibatis.datasource.pooled.PooledDataSource - PooledDataSource forcefully closed/removed all connections.
2026-03-06 21:12:09.010 [main] DEBUG o.apache.ibatis.datasource.pooled.PooledDataSource - PooledDataSource forcefully closed/removed all connections.
2026-03-06 21:12:09.010 [main] DEBUG o.apache.ibatis.datasource.pooled.PooledDataSource - PooledDataSource forcefully closed/removed all connections.
2026-03-06 21:12:09.048 [main] DEBUG o.apache.ibatis.transaction.jdbc.JdbcTransaction - Opening JDBC Connection
2026-03-06 21:12:09.335 [main] DEBUG o.apache.ibatis.datasource.pooled.PooledDataSource - Created connection 1415439780.
2026-03-06 21:12:09.336 [main] DEBUG o.apache.ibatis.transaction.jdbc.JdbcTransaction - Setting autocommit to false on JDBC Connection [com.mysql.cj.jdbc.ConnectionImpl@545de5a4]
2026-03-06 21:12:09.340 [main] DEBUG car.insertCar - ==>  Preparing: insert into t_car(car_num, brand, guide_price, produce_time, car_type) values(?, ?, ?, ?, ?)
2026-03-06 21:12:09.364 [main] DEBUG car.insertCar - ==> Parameters: DEV-001(String), 程序员本地自测车(String), 10.0(Double), 2026-01-01(String), 燃油车(String)
2026-03-06 21:12:09.373 [main] DEBUG car.insertCar - <==    Updates: 1
2026-03-06 21:12:09.373 [main] DEBUG o.apache.ibatis.transaction.jdbc.JdbcTransaction - Committing JDBC Connection [com.mysql.cj.jdbc.ConnectionImpl@545de5a4]
2026-03-06 21:12:09.375 [main] DEBUG o.apache.ibatis.transaction.jdbc.JdbcTransaction - Resetting autocommit to true on JDBC Connection [com.mysql.cj.jdbc.ConnectionImpl@545de5a4]
2026-03-06 21:12:09.376 [main] DEBUG o.apache.ibatis.transaction.jdbc.JdbcTransaction - Closing JDBC Connection [com.mysql.cj.jdbc.ConnectionImpl@545de5a4]
2026-03-06 21:12:09.376 [main] DEBUG o.apache.ibatis.datasource.pooled.PooledDataSource - Returned connection 1415439780 to pool.
2026-03-06 21:12:09.381 [main] DEBUG o.apache.ibatis.datasource.pooled.PooledDataSource - PooledDataSource forcefully closed/removed all connections.
2026-03-06 21:12:09.381 [main] DEBUG o.apache.ibatis.datasource.pooled.PooledDataSource - PooledDataSource forcefully closed/removed all connections.
2026-03-06 21:12:09.382 [main] DEBUG o.apache.ibatis.datasource.pooled.PooledDataSource - PooledDataSource forcefully closed/removed all connections.
2026-03-06 21:12:09.382 [main] DEBUG o.apache.ibatis.datasource.pooled.PooledDataSource - PooledDataSource forcefully closed/removed all connections.
2026-03-06 21:12:09.387 [main] DEBUG o.apache.ibatis.transaction.jdbc.JdbcTransaction - Opening JDBC Connection
2026-03-06 21:12:44.516 [main] DEBUG org.apache.ibatis.logging.LogFactory - Logging initialized using 'class org.apache.ibatis.logging.slf4j.Slf4jImpl' adapter.
2026-03-06 21:12:44.524 [main] DEBUG o.apache.ibatis.datasource.pooled.PooledDataSource - PooledDataSource forcefully closed/removed all connections.
2026-03-06 21:12:44.525 [main] DEBUG o.apache.ibatis.datasource.pooled.PooledDataSource - PooledDataSource forcefully closed/removed all connections.
2026-03-06 21:12:44.525 [main] DEBUG o.apache.ibatis.datasource.pooled.PooledDataSource - PooledDataSource forcefully closed/removed all connections.
2026-03-06 21:12:44.526 [main] DEBUG o.apache.ibatis.datasource.pooled.PooledDataSource - PooledDataSource forcefully closed/removed all connections.
2026-03-06 21:12:44.563 [main] DEBUG o.apache.ibatis.transaction.jdbc.JdbcTransaction - Opening JDBC Connection
2026-03-06 21:12:44.862 [main] DEBUG o.apache.ibatis.datasource.pooled.PooledDataSource - Created connection 1415439780.
2026-03-06 21:12:44.863 [main] DEBUG o.apache.ibatis.transaction.jdbc.JdbcTransaction - Setting autocommit to false on JDBC Connection [com.mysql.cj.jdbc.ConnectionImpl@545de5a4]
2026-03-06 21:12:44.866 [main] DEBUG car.insertCar - ==>  Preparing: insert into t_car(car_num, brand, guide_price, produce_time, car_type) values(?, ?, ?, ?, ?)
2026-03-06 21:12:44.898 [main] DEBUG car.insertCar - ==> Parameters: DEV-001(String), 程序员本地自测车(String), 10.0(Double), 2026-01-01(String), 燃油车(String)
2026-03-06 21:12:44.903 [main] DEBUG car.insertCar - <==    Updates: 1
2026-03-06 21:12:44.904 [main] DEBUG o.apache.ibatis.transaction.jdbc.JdbcTransaction - Committing JDBC Connection [com.mysql.cj.jdbc.ConnectionImpl@545de5a4]
2026-03-06 21:12:44.911 [main] DEBUG o.apache.ibatis.transaction.jdbc.JdbcTransaction - Resetting autocommit to true on JDBC Connection [com.mysql.cj.jdbc.ConnectionImpl@545de5a4]
2026-03-06 21:12:44.911 [main] DEBUG o.apache.ibatis.transaction.jdbc.JdbcTransaction - Closing JDBC Connection [com.mysql.cj.jdbc.ConnectionImpl@545de5a4]
2026-03-06 21:12:44.912 [main] DEBUG o.apache.ibatis.datasource.pooled.PooledDataSource - Returned connection 1415439780 to pool.
2026-03-06 21:13:16.715 [main] DEBUG org.apache.ibatis.logging.LogFactory - Logging initialized using 'class org.apache.ibatis.logging.slf4j.Slf4jImpl' adapter.
2026-03-06 21:13:16.722 [main] DEBUG o.apache.ibatis.datasource.pooled.PooledDataSource - PooledDataSource forcefully closed/removed all connections.
2026-03-06 21:13:16.723 [main] DEBUG o.apache.ibatis.datasource.pooled.PooledDataSource - PooledDataSource forcefully closed/removed all connections.
2026-03-06 21:13:16.723 [main] DEBUG o.apache.ibatis.datasource.pooled.PooledDataSource - PooledDataSource forcefully closed/removed all connections.
2026-03-06 21:13:16.723 [main] DEBUG o.apache.ibatis.datasource.pooled.PooledDataSource - PooledDataSource forcefully closed/removed all connections.
2026-03-06 21:13:16.760 [main] DEBUG o.apache.ibatis.transaction.jdbc.JdbcTransaction - Opening JDBC Connection
2026-03-06 21:13:17.045 [main] DEBUG o.apache.ibatis.datasource.pooled.PooledDataSource - Created connection 1415439780.
2026-03-06 21:13:17.046 [main] DEBUG o.apache.ibatis.transaction.jdbc.JdbcTransaction - Setting autocommit to false on JDBC Connection [com.mysql.cj.jdbc.ConnectionImpl@545de5a4]
2026-03-06 21:13:17.049 [main] DEBUG car.insertCar - ==>  Preparing: insert into t_car(car_num, brand, guide_price, produce_time, car_type) values(?, ?, ?, ?, ?)
2026-03-06 21:13:17.074 [main] DEBUG car.insertCar - ==> Parameters: DEV-001(String), 程序员本地自测车(String), 10.0(Double), 2026-01-01(String), 燃油车(String)
2026-03-06 21:13:17.077 [main] DEBUG car.insertCar - <==    Updates: 1
2026-03-06 21:13:17.078 [main] DEBUG o.apache.ibatis.transaction.jdbc.JdbcTransaction - Committing JDBC Connection [com.mysql.cj.jdbc.ConnectionImpl@545de5a4]
2026-03-06 21:13:17.080 [main] DEBUG o.apache.ibatis.transaction.jdbc.JdbcTransaction - Resetting autocommit to true on JDBC Connection [com.mysql.cj.jdbc.ConnectionImpl@545de5a4]
2026-03-06 21:13:17.080 [main] DEBUG o.apache.ibatis.transaction.jdbc.JdbcTransaction - Closing JDBC Connection [com.mysql.cj.jdbc.ConnectionImpl@545de5a4]
2026-03-06 21:13:17.081 [main] DEBUG o.apache.ibatis.datasource.pooled.PooledDataSource - Returned connection 1415439780 to pool.
2026-03-06 21:13:17.086 [main] DEBUG o.apache.ibatis.datasource.pooled.PooledDataSource - PooledDataSource forcefully closed/removed all connections.
2026-03-06 21:13:17.086 [main] DEBUG o.apache.ibatis.datasource.pooled.PooledDataSource - PooledDataSource forcefully closed/removed all connections.
2026-03-06 21:13:17.086 [main] DEBUG o.apache.ibatis.datasource.pooled.PooledDataSource - PooledDataSource forcefully closed/removed all connections.
2026-03-06 21:13:17.086 [main] DEBUG o.apache.ibatis.datasource.pooled.PooledDataSource - PooledDataSource forcefully closed/removed all connections.
2026-03-06 21:13:17.092 [main] DEBUG o.apache.ibatis.transaction.jdbc.JdbcTransaction - Opening JDBC Connection
2026-03-06 21:20:38.812 [main] DEBUG org.apache.ibatis.logging.LogFactory - Logging initialized using 'class org.apache.ibatis.logging.slf4j.Slf4jImpl' adapter.
2026-03-06 21:20:38.820 [main] DEBUG o.apache.ibatis.datasource.pooled.PooledDataSource - PooledDataSource forcefully closed/removed all connections.
2026-03-06 21:20:38.820 [main] DEBUG o.apache.ibatis.datasource.pooled.PooledDataSource - PooledDataSource forcefully closed/removed all connections.
2026-03-06 21:20:38.821 [main] DEBUG o.apache.ibatis.datasource.pooled.PooledDataSource - PooledDataSource forcefully closed/removed all connections.
2026-03-06 21:20:38.821 [main] DEBUG o.apache.ibatis.datasource.pooled.PooledDataSource - PooledDataSource forcefully closed/removed all connections.
2026-03-06 21:20:38.859 [main] DEBUG o.apache.ibatis.transaction.jdbc.JdbcTransaction - Opening JDBC Connection
2026-03-06 21:20:39.146 [main] DEBUG o.apache.ibatis.datasource.pooled.PooledDataSource - Created connection 1415439780.
2026-03-06 21:20:39.147 [main] DEBUG o.apache.ibatis.transaction.jdbc.JdbcTransaction - Setting autocommit to false on JDBC Connection [com.mysql.cj.jdbc.ConnectionImpl@545de5a4]
2026-03-06 21:20:39.151 [main] DEBUG car.insertCar - ==>  Preparing: insert into t_car(car_num, brand, guide_price, produce_time, car_type) values(?, ?, ?, ?, ?)
2026-03-06 21:20:39.175 [main] DEBUG car.insertCar - ==> Parameters: DEV-001(String), 程序员本地自测车(String), 10.0(Double), 2026-01-01(String), 燃油车(String)
2026-03-06 21:20:39.178 [main] DEBUG car.insertCar - <==    Updates: 1
2026-03-06 21:20:39.179 [main] DEBUG o.apache.ibatis.transaction.jdbc.JdbcTransaction - Committing JDBC Connection [com.mysql.cj.jdbc.ConnectionImpl@545de5a4]
2026-03-06 21:20:39.182 [main] DEBUG o.apache.ibatis.transaction.jdbc.JdbcTransaction - Resetting autocommit to true on JDBC Connection [com.mysql.cj.jdbc.ConnectionImpl@545de5a4]
2026-03-06 21:20:39.182 [main] DEBUG o.apache.ibatis.transaction.jdbc.JdbcTransaction - Closing JDBC Connection [com.mysql.cj.jdbc.ConnectionImpl@545de5a4]
2026-03-06 21:20:39.182 [main] DEBUG o.apache.ibatis.datasource.pooled.PooledDataSource - Returned connection 1415439780 to pool.
2026-03-06 21:20:39.187 [main] DEBUG o.apache.ibatis.datasource.pooled.PooledDataSource - PooledDataSource forcefully closed/removed all connections.
2026-03-06 21:20:39.187 [main] DEBUG o.apache.ibatis.datasource.pooled.PooledDataSource - PooledDataSource forcefully closed/removed all connections.
2026-03-06 21:20:39.187 [main] DEBUG o.apache.ibatis.datasource.pooled.PooledDataSource - PooledDataSource forcefully closed/removed all connections.
2026-03-06 21:20:39.187 [main] DEBUG o.apache.ibatis.datasource.pooled.PooledDataSource - PooledDataSource forcefully closed/removed all connections.
2026-03-06 21:20:39.192 [main] DEBUG o.apache.ibatis.transaction.jdbc.JdbcTransaction - Opening JDBC Connection
2026-03-06 21:20:39.207 [main] DEBUG o.apache.ibatis.datasource.pooled.PooledDataSource - Created connection 546796969.
2026-03-06 21:20:39.207 [main] DEBUG o.apache.ibatis.transaction.jdbc.JdbcTransaction - Setting autocommit to false on JDBC Connection [com.mysql.cj.jdbc.ConnectionImpl@209775a9]
2026-03-06 21:20:39.208 [main] DEBUG car.insertCar - ==>  Preparing: insert into t_car(car_num, brand, guide_price, produce_time, car_type) values(?, ?, ?, ?, ?)
2026-03-06 21:20:39.209 [main] DEBUG car.insertCar - ==> Parameters: TEST-002(String), 测试组找Bug专用车(String), 20.0(Double), 2026-02-02(String), 电车(String)
2026-03-06 21:20:39.210 [main] DEBUG car.insertCar - <==    Updates: 1
2026-03-06 21:20:39.210 [main] DEBUG o.apache.ibatis.transaction.jdbc.JdbcTransaction - Committing JDBC Connection [com.mysql.cj.jdbc.ConnectionImpl@209775a9]
2026-03-06 21:20:39.212 [main] DEBUG o.apache.ibatis.transaction.jdbc.JdbcTransaction - Resetting autocommit to true on JDBC Connection [com.mysql.cj.jdbc.ConnectionImpl@209775a9]
2026-03-06 21:20:39.213 [main] DEBUG o.apache.ibatis.transaction.jdbc.JdbcTransaction - Closing JDBC Connection [com.mysql.cj.jdbc.ConnectionImpl@209775a9]
2026-03-06 21:20:39.213 [main] DEBUG o.apache.ibatis.datasource.pooled.PooledDataSource - Returned connection 546796969 to pool.
2026-03-06 21:20:39.222 [main] DEBUG o.apache.ibatis.datasource.pooled.PooledDataSource - PooledDataSource forcefully closed/removed all connections.
2026-03-06 21:20:39.222 [main] DEBUG o.apache.ibatis.datasource.pooled.PooledDataSource - PooledDataSource forcefully closed/removed all connections.
2026-03-06 21:20:39.222 [main] DEBUG o.apache.ibatis.datasource.pooled.PooledDataSource - PooledDataSource forcefully closed/removed all connections.
2026-03-06 21:20:39.222 [main] DEBUG o.apache.ibatis.datasource.pooled.PooledDataSource - PooledDataSource forcefully closed/removed all connections.
2026-03-06 21:20:39.227 [main] DEBUG o.apache.ibatis.transaction.jdbc.JdbcTransaction - Opening JDBC Connection
2026-03-06 21:20:39.238 [main] DEBUG o.apache.ibatis.datasource.pooled.PooledDataSource - Created connection 145066402.
2026-03-06 21:20:39.238 [main] DEBUG o.apache.ibatis.transaction.jdbc.JdbcTransaction - Setting autocommit to false on JDBC Connection [com.mysql.cj.jdbc.ConnectionImpl@8a589a2]
2026-03-06 21:20:39.238 [main] DEBUG car.insertCar - ==>  Preparing: insert into t_car(car_num, brand, guide_price, produce_time, car_type) values(?, ?, ?, ?, ?)
2026-03-06 21:20:39.239 [main] DEBUG car.insertCar - ==> Parameters: PROD-003(String), 真实用户购买的量产车(String), 30.0(Double), 2026-03-03(String), 氢能源(String)
2026-03-06 21:20:39.240 [main] DEBUG car.insertCar - <==    Updates: 1
2026-03-06 21:20:39.240 [main] DEBUG o.apache.ibatis.transaction.jdbc.JdbcTransaction - Committing JDBC Connection [com.mysql.cj.jdbc.ConnectionImpl@8a589a2]
2026-03-06 21:20:39.242 [main] DEBUG o.apache.ibatis.transaction.jdbc.JdbcTransaction - Resetting autocommit to true on JDBC Connection [com.mysql.cj.jdbc.ConnectionImpl@8a589a2]
2026-03-06 21:20:39.242 [main] DEBUG o.apache.ibatis.transaction.jdbc.JdbcTransaction - Closing JDBC Connection [com.mysql.cj.jdbc.ConnectionImpl@8a589a2]
2026-03-06 21:20:39.242 [main] DEBUG o.apache.ibatis.datasource.pooled.PooledDataSource - Returned connection 145066402 to pool.
2026-03-06 21:36:25.596 [main] DEBUG org.apache.ibatis.logging.LogFactory - Logging initialized using 'class org.apache.ibatis.logging.slf4j.Slf4jImpl' adapter.
2026-03-06 21:36:25.604 [main] DEBUG o.apache.ibatis.datasource.pooled.PooledDataSource - PooledDataSource forcefully closed/removed all connections.
2026-03-06 21:36:25.605 [main] DEBUG o.apache.ibatis.datasource.pooled.PooledDataSource - PooledDataSource forcefully closed/removed all connections.
2026-03-06 21:36:25.605 [main] DEBUG o.apache.ibatis.datasource.pooled.PooledDataSource - PooledDataSource forcefully closed/removed all connections.
2026-03-06 21:36:25.605 [main] DEBUG o.apache.ibatis.datasource.pooled.PooledDataSource - PooledDataSource forcefully closed/removed all connections.
2026-03-06 21:36:25.644 [main] DEBUG o.a.ibatis.transaction.managed.ManagedTransaction - Opening JDBC Connection
2026-03-06 21:36:25.930 [main] DEBUG o.apache.ibatis.datasource.pooled.PooledDataSource - Created connection 198098993.
2026-03-06 21:36:25.933 [main] DEBUG car.insertCar - ==>  Preparing: insert into t_car(car_num, brand, guide_price, produce_time, car_type) values(?, ?, ?, ?, ?)
2026-03-06 21:36:25.959 [main] DEBUG car.insertCar - ==> Parameters: MANAGED-999(String), 甩手掌柜测试车(String), 99.9(Double), 2026-10-10(String), 燃油车(String)
2026-03-06 21:36:25.965 [main] DEBUG car.insertCar - <==    Updates: 1
2026-03-06 21:36:25.967 [main] DEBUG o.a.ibatis.transaction.managed.ManagedTransaction - Closing JDBC Connection [com.mysql.cj.jdbc.ConnectionImpl@bcec031]
2026-03-06 21:36:25.968 [main] DEBUG o.apache.ibatis.datasource.pooled.PooledDataSource - Returned connection 198098993 to pool.
2026-03-06 21:37:22.264 [main] DEBUG org.apache.ibatis.logging.LogFactory - Logging initialized using 'class org.apache.ibatis.logging.slf4j.Slf4jImpl' adapter.
2026-03-06 21:37:22.273 [main] DEBUG o.apache.ibatis.datasource.pooled.PooledDataSource - PooledDataSource forcefully closed/removed all connections.
2026-03-06 21:37:22.274 [main] DEBUG o.apache.ibatis.datasource.pooled.PooledDataSource - PooledDataSource forcefully closed/removed all connections.
2026-03-06 21:37:22.274 [main] DEBUG o.apache.ibatis.datasource.pooled.PooledDataSource - PooledDataSource forcefully closed/removed all connections.
2026-03-06 21:37:22.274 [main] DEBUG o.apache.ibatis.datasource.pooled.PooledDataSource - PooledDataSource forcefully closed/removed all connections.
2026-03-06 21:37:22.320 [main] DEBUG o.a.ibatis.transaction.managed.ManagedTransaction - Opening JDBC Connection
2026-03-06 21:37:22.640 [main] DEBUG o.apache.ibatis.datasource.pooled.PooledDataSource - Created connection 785625589.
2026-03-06 21:37:22.643 [main] DEBUG car.insertCar - ==>  Preparing: insert into t_car(car_num, brand, guide_price, produce_time, car_type) values(?, ?, ?, ?, ?)
2026-03-06 21:37:22.673 [main] DEBUG car.insertCar - ==> Parameters: MANAGED-999(String), MANAGED测试车(String), 99.9(Double), 2026-10-10(String), 燃油车(String)
2026-03-06 21:37:22.683 [main] DEBUG car.insertCar - <==    Updates: 1
2026-03-06 21:37:22.685 [main] DEBUG o.a.ibatis.transaction.managed.ManagedTransaction - Closing JDBC Connection [com.mysql.cj.jdbc.ConnectionImpl@2ed3b1f5]
2026-03-06 21:37:22.686 [main] DEBUG o.apache.ibatis.datasource.pooled.PooledDataSource - Returned connection 785625589 to pool.
2026-03-06 21:37:22.696 [main] DEBUG o.apache.ibatis.datasource.pooled.PooledDataSource - PooledDataSource forcefully closed/removed all connections.
2026-03-06 21:37:22.696 [main] DEBUG o.apache.ibatis.datasource.pooled.PooledDataSource - PooledDataSource forcefully closed/removed all connections.
2026-03-06 21:37:22.696 [main] DEBUG o.apache.ibatis.datasource.pooled.PooledDataSource - PooledDataSource forcefully closed/removed all connections.
2026-03-06 21:37:22.696 [main] DEBUG o.apache.ibatis.datasource.pooled.PooledDataSource - PooledDataSource forcefully closed/removed all connections.
2026-03-06 21:37:22.704 [main] DEBUG o.apache.ibatis.transaction.jdbc.JdbcTransaction - Opening JDBC Connection
2026-03-06 21:37:22.721 [main] DEBUG o.apache.ibatis.datasource.pooled.PooledDataSource - Created connection 1572127577.
2026-03-06 21:37:22.722 [main] DEBUG o.apache.ibatis.transaction.jdbc.JdbcTransaction - Setting autocommit to false on JDBC Connection [com.mysql.cj.jdbc.ConnectionImpl@5db4c359]
2026-03-06 21:37:22.724 [main] DEBUG car.insertCar - ==>  Preparing: insert into t_car(car_num, brand, guide_price, produce_time, car_type) values(?, ?, ?, ?, ?)
2026-03-06 21:37:22.725 [main] DEBUG car.insertCar - ==> Parameters: DEV-001(String), 程序员本地自测车(String), 10.0(Double), 2026-01-01(String), 燃油车(String)
2026-03-06 21:37:22.728 [main] DEBUG car.insertCar - <==    Updates: 1
2026-03-06 21:37:22.728 [main] DEBUG o.apache.ibatis.transaction.jdbc.JdbcTransaction - Committing JDBC Connection [com.mysql.cj.jdbc.ConnectionImpl@5db4c359]
2026-03-06 21:37:22.729 [main] DEBUG o.apache.ibatis.transaction.jdbc.JdbcTransaction - Resetting autocommit to true on JDBC Connection [com.mysql.cj.jdbc.ConnectionImpl@5db4c359]
2026-03-06 21:37:22.730 [main] DEBUG o.apache.ibatis.transaction.jdbc.JdbcTransaction - Closing JDBC Connection [com.mysql.cj.jdbc.ConnectionImpl@5db4c359]
2026-03-06 21:37:22.730 [main] DEBUG o.apache.ibatis.datasource.pooled.PooledDataSource - Returned connection 1572127577 to pool.
2026-03-06 21:37:22.743 [main] DEBUG o.apache.ibatis.datasource.pooled.PooledDataSource - PooledDataSource forcefully closed/removed all connections.
2026-03-06 21:37:22.743 [Finalizer] DEBUG o.apache.ibatis.datasource.pooled.PooledDataSource - PooledDataSource forcefully closed/removed all connections.
2026-03-06 21:37:22.743 [main] DEBUG o.apache.ibatis.datasource.pooled.PooledDataSource - PooledDataSource forcefully closed/removed all connections.
2026-03-06 21:37:22.743 [main] DEBUG o.apache.ibatis.datasource.pooled.PooledDataSource - PooledDataSource forcefully closed/removed all connections.
2026-03-06 21:37:22.743 [main] DEBUG o.apache.ibatis.datasource.pooled.PooledDataSource - PooledDataSource forcefully closed/removed all connections.
2026-03-06 21:37:22.749 [main] DEBUG o.apache.ibatis.transaction.jdbc.JdbcTransaction - Opening JDBC Connection
2026-03-06 21:37:22.764 [main] DEBUG o.apache.ibatis.datasource.pooled.PooledDataSource - Created connection 799755007.
2026-03-06 21:37:22.764 [main] DEBUG o.apache.ibatis.transaction.jdbc.JdbcTransaction - Setting autocommit to false on JDBC Connection [com.mysql.cj.jdbc.ConnectionImpl@2fab4aff]
2026-03-06 21:37:22.764 [main] DEBUG car.insertCar - ==>  Preparing: insert into t_car(car_num, brand, guide_price, produce_time, car_type) values(?, ?, ?, ?, ?)
2026-03-06 21:37:22.765 [main] DEBUG car.insertCar - ==> Parameters: TEST-002(String), 测试组找Bug专用车(String), 20.0(Double), 2026-02-02(String), 电车(String)
2026-03-06 21:37:22.766 [main] DEBUG car.insertCar - <==    Updates: 1
2026-03-06 21:37:22.767 [main] DEBUG o.apache.ibatis.transaction.jdbc.JdbcTransaction - Committing JDBC Connection [com.mysql.cj.jdbc.ConnectionImpl@2fab4aff]
2026-03-06 21:37:22.768 [main] DEBUG o.apache.ibatis.transaction.jdbc.JdbcTransaction - Resetting autocommit to true on JDBC Connection [com.mysql.cj.jdbc.ConnectionImpl@2fab4aff]
2026-03-06 21:37:22.769 [main] DEBUG o.apache.ibatis.transaction.jdbc.JdbcTransaction - Closing JDBC Connection [com.mysql.cj.jdbc.ConnectionImpl@2fab4aff]
2026-03-06 21:37:22.769 [main] DEBUG o.apache.ibatis.datasource.pooled.PooledDataSource - Returned connection 799755007 to pool.
2026-03-06 21:37:22.775 [main] DEBUG o.apache.ibatis.datasource.pooled.PooledDataSource - PooledDataSource forcefully closed/removed all connections.
2026-03-06 21:37:22.775 [main] DEBUG o.apache.ibatis.datasource.pooled.PooledDataSource - PooledDataSource forcefully closed/removed all connections.
2026-03-06 21:37:22.775 [main] DEBUG o.apache.ibatis.datasource.pooled.PooledDataSource - PooledDataSource forcefully closed/removed all connections.
2026-03-06 21:37:22.775 [main] DEBUG o.apache.ibatis.datasource.pooled.PooledDataSource - PooledDataSource forcefully closed/removed all connections.
2026-03-06 21:37:22.781 [main] DEBUG o.apache.ibatis.transaction.jdbc.JdbcTransaction - Opening JDBC Connection
2026-03-06 21:37:22.792 [main] DEBUG o.apache.ibatis.datasource.pooled.PooledDataSource - Created connection 299819831.
2026-03-06 21:37:22.793 [main] DEBUG o.apache.ibatis.transaction.jdbc.JdbcTransaction - Setting autocommit to false on JDBC Connection [com.mysql.cj.jdbc.ConnectionImpl@11dee337]
2026-03-06 21:37:22.793 [main] DEBUG car.insertCar - ==>  Preparing: insert into t_car(car_num, brand, guide_price, produce_time, car_type) values(?, ?, ?, ?, ?)
2026-03-06 21:37:22.794 [main] DEBUG car.insertCar - ==> Parameters: PROD-003(String), 真实用户购买的量产车(String), 30.0(Double), 2026-03-03(String), 氢能源(String)
2026-03-06 21:37:22.795 [main] DEBUG car.insertCar - <==    Updates: 1
2026-03-06 21:37:22.795 [main] DEBUG o.apache.ibatis.transaction.jdbc.JdbcTransaction - Committing JDBC Connection [com.mysql.cj.jdbc.ConnectionImpl@11dee337]
2026-03-06 21:37:22.797 [main] DEBUG o.apache.ibatis.transaction.jdbc.JdbcTransaction - Resetting autocommit to true on JDBC Connection [com.mysql.cj.jdbc.ConnectionImpl@11dee337]
2026-03-06 21:37:22.798 [main] DEBUG o.apache.ibatis.transaction.jdbc.JdbcTransaction - Closing JDBC Connection [com.mysql.cj.jdbc.ConnectionImpl@11dee337]
2026-03-06 21:37:22.798 [main] DEBUG o.apache.ibatis.datasource.pooled.PooledDataSource - Returned connection 299819831 to pool.
2026-03-06 21:37:32.626 [main] DEBUG org.apache.ibatis.logging.LogFactory - Logging initialized using 'class org.apache.ibatis.logging.slf4j.Slf4jImpl' adapter.
2026-03-06 21:37:32.633 [main] DEBUG o.apache.ibatis.datasource.pooled.PooledDataSource - PooledDataSource forcefully closed/removed all connections.
2026-03-06 21:37:32.633 [main] DEBUG o.apache.ibatis.datasource.pooled.PooledDataSource - PooledDataSource forcefully closed/removed all connections.
2026-03-06 21:37:32.634 [main] DEBUG o.apache.ibatis.datasource.pooled.PooledDataSource - PooledDataSource forcefully closed/removed all connections.
2026-03-06 21:37:32.634 [main] DEBUG o.apache.ibatis.datasource.pooled.PooledDataSource - PooledDataSource forcefully closed/removed all connections.
2026-03-06 21:37:32.672 [main] DEBUG o.a.ibatis.transaction.managed.ManagedTransaction - Opening JDBC Connection
2026-03-06 21:37:32.956 [main] DEBUG o.apache.ibatis.datasource.pooled.PooledDataSource - Created connection 198098993.
2026-03-06 21:37:32.960 [main] DEBUG car.insertCar - ==>  Preparing: insert into t_car(car_num, brand, guide_price, produce_time, car_type) values(?, ?, ?, ?, ?)
2026-03-06 21:37:32.990 [main] DEBUG car.insertCar - ==> Parameters: MANAGED-999(String), MANAGED测试车(String), 99.9(Double), 2026-10-10(String), 燃油车(String)
2026-03-06 21:37:32.997 [main] DEBUG car.insertCar - <==    Updates: 1
2026-03-06 21:37:32.999 [main] DEBUG o.a.ibatis.transaction.managed.ManagedTransaction - Closing JDBC Connection [com.mysql.cj.jdbc.ConnectionImpl@bcec031]
2026-03-06 21:37:32.999 [main] DEBUG o.apache.ibatis.datasource.pooled.PooledDataSource - Returned connection 198098993 to pool.
