2026-03-06 10:42:41.361 [main] DEBUG org.apache.ibatis.logging.LogFactory - Logging initialized using 'class org.apache.ibatis.logging.slf4j.Slf4jImpl' adapter.
2026-03-06 10:42:41.363 [main] DEBUG org.apache.ibatis.logging.LogFactory - Logging initialized using 'class org.apache.ibatis.logging.slf4j.Slf4jImpl' adapter.
2026-03-06 10:42:41.387 [main] DEBUG o.apache.ibatis.datasource.pooled.PooledDataSource - PooledDataSource forcefully closed/removed all connections.
2026-03-06 10:42:41.387 [main] DEBUG o.apache.ibatis.datasource.pooled.PooledDataSource - PooledDataSource forcefully closed/removed all connections.
2026-03-06 10:42:41.389 [main] DEBUG o.apache.ibatis.datasource.pooled.PooledDataSource - PooledDataSource forcefully closed/removed all connections.
2026-03-06 10:42:41.389 [main] DEBUG o.apache.ibatis.datasource.pooled.PooledDataSource - PooledDataSource forcefully closed/removed all connections.
2026-03-06 10:42:41.456 [main] DEBUG o.apache.ibatis.transaction.jdbc.JdbcTransaction - Opening JDBC Connection
2026-03-06 10:42:42.004 [main] DEBUG o.apache.ibatis.datasource.pooled.PooledDataSource - Created connection 1321115948.
2026-03-06 10:42:42.006 [main] DEBUG o.apache.ibatis.transaction.jdbc.JdbcTransaction - Setting autocommit to false on JDBC Connection [com.mysql.cj.jdbc.ConnectionImpl@4ebea12c]
2026-03-06 10:42:42.011 [main] DEBUG car.deleteCarById - ==>  Preparing: delete from t_car where id = ?
2026-03-06 10:42:42.051 [main] DEBUG car.deleteCarById - ==> Parameters: 11(Long)
2026-03-06 10:42:42.059 [main] DEBUG car.deleteCarById - <==    Updates: 1
2026-03-06 10:42:42.061 [main] DEBUG o.apache.ibatis.transaction.jdbc.JdbcTransaction - Committing JDBC Connection [com.mysql.cj.jdbc.ConnectionImpl@4ebea12c]
2026-03-06 10:42:42.064 [main] DEBUG o.apache.ibatis.transaction.jdbc.JdbcTransaction - Resetting autocommit to true on JDBC Connection [com.mysql.cj.jdbc.ConnectionImpl@4ebea12c]
2026-03-06 10:42:42.065 [main] DEBUG o.apache.ibatis.transaction.jdbc.JdbcTransaction - Closing JDBC Connection [com.mysql.cj.jdbc.ConnectionImpl@4ebea12c]
2026-03-06 10:42:42.065 [main] DEBUG o.apache.ibatis.datasource.pooled.PooledDataSource - Returned connection 1321115948 to pool.
2026-03-06 10:55:29.726 [main] DEBUG org.apache.ibatis.logging.LogFactory - Logging initialized using 'class org.apache.ibatis.logging.slf4j.Slf4jImpl' adapter.
2026-03-06 10:55:29.728 [main] DEBUG org.apache.ibatis.logging.LogFactory - Logging initialized using 'class org.apache.ibatis.logging.slf4j.Slf4jImpl' adapter.
2026-03-06 10:55:29.754 [main] DEBUG o.apache.ibatis.datasource.pooled.PooledDataSource - PooledDataSource forcefully closed/removed all connections.
2026-03-06 10:55:29.754 [main] DEBUG o.apache.ibatis.datasource.pooled.PooledDataSource - PooledDataSource forcefully closed/removed all connections.
2026-03-06 10:55:29.754 [main] DEBUG o.apache.ibatis.datasource.pooled.PooledDataSource - PooledDataSource forcefully closed/removed all connections.
2026-03-06 10:55:29.755 [main] DEBUG o.apache.ibatis.datasource.pooled.PooledDataSource - PooledDataSource forcefully closed/removed all connections.
2026-03-06 10:55:29.816 [main] DEBUG o.apache.ibatis.transaction.jdbc.JdbcTransaction - Opening JDBC Connection
2026-03-06 10:55:30.268 [main] DEBUG o.apache.ibatis.datasource.pooled.PooledDataSource - Created connection 1321115948.
2026-03-06 10:55:30.269 [main] DEBUG o.apache.ibatis.transaction.jdbc.JdbcTransaction - Setting autocommit to false on JDBC Connection [com.mysql.cj.jdbc.ConnectionImpl@4ebea12c]
2026-03-06 10:55:30.274 [main] DEBUG car.updateCar - ==>  Preparing: update t_car set car_num = ?, brand = ?, guide_price = ?, produce_time = ?, car_type = ? where id = ?
2026-03-06 10:55:30.319 [main] DEBUG car.updateCar - ==> Parameters: 102(String), 比亚迪汉(String), 30.23(Double), 2018-09-10(String), 电车(String), 9(Long)
2026-03-06 10:55:30.327 [main] DEBUG car.updateCar - <==    Updates: 1
2026-03-06 10:55:30.330 [main] DEBUG o.apache.ibatis.transaction.jdbc.JdbcTransaction - Committing JDBC Connection [com.mysql.cj.jdbc.ConnectionImpl@4ebea12c]
2026-03-06 10:55:30.332 [main] DEBUG o.apache.ibatis.transaction.jdbc.JdbcTransaction - Resetting autocommit to true on JDBC Connection [com.mysql.cj.jdbc.ConnectionImpl@4ebea12c]
2026-03-06 10:55:30.333 [main] DEBUG o.apache.ibatis.transaction.jdbc.JdbcTransaction - Closing JDBC Connection [com.mysql.cj.jdbc.ConnectionImpl@4ebea12c]
2026-03-06 10:55:30.334 [main] DEBUG o.apache.ibatis.datasource.pooled.PooledDataSource - Returned connection 1321115948 to pool.
2026-03-06 11:06:40.299 [main] DEBUG org.apache.ibatis.logging.LogFactory - Logging initialized using 'class org.apache.ibatis.logging.slf4j.Slf4jImpl' adapter.
2026-03-06 11:06:40.300 [main] DEBUG org.apache.ibatis.logging.LogFactory - Logging initialized using 'class org.apache.ibatis.logging.slf4j.Slf4jImpl' adapter.
2026-03-06 11:06:40.322 [main] DEBUG o.apache.ibatis.datasource.pooled.PooledDataSource - PooledDataSource forcefully closed/removed all connections.
2026-03-06 11:06:40.322 [main] DEBUG o.apache.ibatis.datasource.pooled.PooledDataSource - PooledDataSource forcefully closed/removed all connections.
2026-03-06 11:06:40.323 [main] DEBUG o.apache.ibatis.datasource.pooled.PooledDataSource - PooledDataSource forcefully closed/removed all connections.
2026-03-06 11:06:40.323 [main] DEBUG o.apache.ibatis.datasource.pooled.PooledDataSource - PooledDataSource forcefully closed/removed all connections.
2026-03-06 11:06:40.385 [main] DEBUG o.apache.ibatis.transaction.jdbc.JdbcTransaction - Opening JDBC Connection
2026-03-06 11:06:40.828 [main] DEBUG o.apache.ibatis.datasource.pooled.PooledDataSource - Created connection 917568725.
2026-03-06 11:06:40.851 [main] DEBUG o.apache.ibatis.transaction.jdbc.JdbcTransaction - Setting autocommit to false on JDBC Connection [com.mysql.cj.jdbc.ConnectionImpl@36b0fcd5]
2026-03-06 11:06:40.856 [main] DEBUG car.selectCarById - ==>  Preparing: select id, car_num as carNum, brand, guide_price as guidePrice, produce_time as produceTime, car_type as carType from t_car where id = ?
2026-03-06 11:06:40.891 [main] DEBUG car.selectCarById - ==> Parameters: 9(Long)
2026-03-06 11:06:40.931 [main] DEBUG car.selectCarById - <==      Total: 1
2026-03-06 11:06:40.939 [main] DEBUG o.apache.ibatis.transaction.jdbc.JdbcTransaction - Resetting autocommit to true on JDBC Connection [com.mysql.cj.jdbc.ConnectionImpl@36b0fcd5]
2026-03-06 11:06:40.940 [main] DEBUG o.apache.ibatis.transaction.jdbc.JdbcTransaction - Closing JDBC Connection [com.mysql.cj.jdbc.ConnectionImpl@36b0fcd5]
2026-03-06 11:06:40.940 [main] DEBUG o.apache.ibatis.datasource.pooled.PooledDataSource - Returned connection 917568725 to pool.
2026-03-06 11:35:46.215 [main] DEBUG org.apache.ibatis.logging.LogFactory - Logging initialized using 'class org.apache.ibatis.logging.slf4j.Slf4jImpl' adapter.
2026-03-06 11:35:46.217 [main] DEBUG org.apache.ibatis.logging.LogFactory - Logging initialized using 'class org.apache.ibatis.logging.slf4j.Slf4jImpl' adapter.
2026-03-06 11:35:46.239 [main] DEBUG o.apache.ibatis.datasource.pooled.PooledDataSource - PooledDataSource forcefully closed/removed all connections.
2026-03-06 11:35:46.239 [main] DEBUG o.apache.ibatis.datasource.pooled.PooledDataSource - PooledDataSource forcefully closed/removed all connections.
2026-03-06 11:35:46.240 [main] DEBUG o.apache.ibatis.datasource.pooled.PooledDataSource - PooledDataSource forcefully closed/removed all connections.
2026-03-06 11:35:46.240 [main] DEBUG o.apache.ibatis.datasource.pooled.PooledDataSource - PooledDataSource forcefully closed/removed all connections.
2026-03-06 11:35:46.305 [main] DEBUG o.apache.ibatis.transaction.jdbc.JdbcTransaction - Opening JDBC Connection
2026-03-06 11:35:46.774 [main] DEBUG o.apache.ibatis.datasource.pooled.PooledDataSource - Created connection 917568725.
2026-03-06 11:35:46.775 [main] DEBUG o.apache.ibatis.transaction.jdbc.JdbcTransaction - Setting autocommit to false on JDBC Connection [com.mysql.cj.jdbc.ConnectionImpl@36b0fcd5]
2026-03-06 11:35:46.782 [main] DEBUG car.selectAllCars - ==>  Preparing: select id, car_num as carNum, brand, guide_price as guidePrice, produce_time as produceTime, car_type as carType from t_car
2026-03-06 11:35:46.820 [main] DEBUG car.selectAllCars - ==> Parameters: 
2026-03-06 11:35:46.864 [main] DEBUG car.selectAllCars - <==      Total: 10
2026-03-06 11:35:46.873 [main] DEBUG o.apache.ibatis.transaction.jdbc.JdbcTransaction - Resetting autocommit to true on JDBC Connection [com.mysql.cj.jdbc.ConnectionImpl@36b0fcd5]
2026-03-06 11:35:46.875 [main] DEBUG o.apache.ibatis.transaction.jdbc.JdbcTransaction - Closing JDBC Connection [com.mysql.cj.jdbc.ConnectionImpl@36b0fcd5]
2026-03-06 11:35:46.875 [main] DEBUG o.apache.ibatis.datasource.pooled.PooledDataSource - Returned connection 917568725 to pool.
2026-03-06 11:51:33.228 [main] DEBUG org.apache.ibatis.logging.LogFactory - Logging initialized using 'class org.apache.ibatis.logging.slf4j.Slf4jImpl' adapter.
2026-03-06 11:51:33.230 [main] DEBUG org.apache.ibatis.logging.LogFactory - Logging initialized using 'class org.apache.ibatis.logging.slf4j.Slf4jImpl' adapter.
2026-03-06 11:51:33.251 [main] DEBUG o.apache.ibatis.datasource.pooled.PooledDataSource - PooledDataSource forcefully closed/removed all connections.
2026-03-06 11:51:33.252 [main] DEBUG o.apache.ibatis.datasource.pooled.PooledDataSource - PooledDataSource forcefully closed/removed all connections.
2026-03-06 11:51:33.252 [main] DEBUG o.apache.ibatis.datasource.pooled.PooledDataSource - PooledDataSource forcefully closed/removed all connections.
2026-03-06 11:51:33.253 [main] DEBUG o.apache.ibatis.datasource.pooled.PooledDataSource - PooledDataSource forcefully closed/removed all connections.
2026-03-06 11:51:33.324 [main] DEBUG o.apache.ibatis.transaction.jdbc.JdbcTransaction - Opening JDBC Connection
2026-03-06 11:51:33.775 [main] DEBUG o.apache.ibatis.datasource.pooled.PooledDataSource - Created connection 1380044647.
2026-03-06 11:51:33.777 [main] DEBUG o.apache.ibatis.transaction.jdbc.JdbcTransaction - Setting autocommit to false on JDBC Connection [com.mysql.cj.jdbc.ConnectionImpl@5241cf67]
2026-03-06 11:51:33.784 [main] DEBUG car.selectAllCars - ==>  Preparing: select id, car_num as carNum, brand, guide_price as guidePrice, produce_time as produceTime, car_type as carType from t_car
2026-03-06 11:51:33.820 [main] DEBUG car.selectAllCars - ==> Parameters: 
2026-03-06 11:51:33.887 [main] DEBUG car.selectAllCars - <==      Total: 10
2026-03-06 11:51:33.895 [main] DEBUG car2.selectAllCars - ==>  Preparing: select id, car_num as carNum, brand, guide_price as guidePrice, produce_time as produceTime, car_type as carType from t_car order by guide_price desc
2026-03-06 11:51:33.896 [main] DEBUG car2.selectAllCars - ==> Parameters: 
2026-03-06 11:51:33.903 [main] DEBUG car2.selectAllCars - <==      Total: 10
2026-03-06 11:51:33.904 [main] DEBUG o.apache.ibatis.transaction.jdbc.JdbcTransaction - Resetting autocommit to true on JDBC Connection [com.mysql.cj.jdbc.ConnectionImpl@5241cf67]
2026-03-06 11:51:33.905 [main] DEBUG o.apache.ibatis.transaction.jdbc.JdbcTransaction - Closing JDBC Connection [com.mysql.cj.jdbc.ConnectionImpl@5241cf67]
2026-03-06 11:51:33.906 [main] DEBUG o.apache.ibatis.datasource.pooled.PooledDataSource - Returned connection 1380044647 to pool.
