2026-03-05 20:16:54.438 [main] DEBUG org.apache.ibatis.logging.LogFactory - Logging initialized using 'class org.apache.ibatis.logging.slf4j.Slf4jImpl' adapter.
2026-03-05 20:16:54.439 [main] DEBUG org.apache.ibatis.logging.LogFactory - Logging initialized using 'class org.apache.ibatis.logging.slf4j.Slf4jImpl' adapter.
2026-03-05 20:16:54.455 [main] DEBUG o.apache.ibatis.datasource.pooled.PooledDataSource - PooledDataSource forcefully closed/removed all connections.
2026-03-05 20:16:54.456 [main] DEBUG o.apache.ibatis.datasource.pooled.PooledDataSource - PooledDataSource forcefully closed/removed all connections.
2026-03-05 20:16:54.456 [main] DEBUG o.apache.ibatis.datasource.pooled.PooledDataSource - PooledDataSource forcefully closed/removed all connections.
2026-03-05 20:16:54.456 [main] DEBUG o.apache.ibatis.datasource.pooled.PooledDataSource - PooledDataSource forcefully closed/removed all connections.
2026-03-05 20:16:54.494 [main] DEBUG o.apache.ibatis.transaction.jdbc.JdbcTransaction - Opening JDBC Connection
2026-03-05 20:16:54.777 [main] DEBUG o.apache.ibatis.datasource.pooled.PooledDataSource - Created connection 2123914473.
2026-03-05 20:16:54.778 [main] DEBUG o.apache.ibatis.transaction.jdbc.JdbcTransaction - Setting autocommit to false on JDBC Connection [com.mysql.cj.jdbc.ConnectionImpl@7e985ce9]
2026-03-05 20:16:54.781 [main] DEBUG car.insertCar - ==>  Preparing: insert into t_car (id, car_num, brand, guide_price, produce_time, car_type) values (null, '102', '丰田未来', 40.30, '2014-10-05', '氢能源')
2026-03-05 20:16:54.805 [main] DEBUG car.insertCar - ==> Parameters: 
2026-03-05 20:16:54.807 [main] DEBUG car.insertCar - <==    Updates: 1
2026-03-05 20:16:54.809 [main] DEBUG o.apache.ibatis.transaction.jdbc.JdbcTransaction - Committing JDBC Connection [com.mysql.cj.jdbc.ConnectionImpl@7e985ce9]
2026-03-05 20:16:54.811 [main] DEBUG o.apache.ibatis.transaction.jdbc.JdbcTransaction - Resetting autocommit to true on JDBC Connection [com.mysql.cj.jdbc.ConnectionImpl@7e985ce9]
2026-03-05 20:16:54.812 [main] DEBUG o.apache.ibatis.transaction.jdbc.JdbcTransaction - Closing JDBC Connection [com.mysql.cj.jdbc.ConnectionImpl@7e985ce9]
2026-03-05 20:16:54.812 [main] DEBUG o.apache.ibatis.datasource.pooled.PooledDataSource - Returned connection 2123914473 to pool.
2026-03-05 20:32:34.717 [main] DEBUG org.apache.ibatis.logging.LogFactory - Logging initialized using 'class org.apache.ibatis.logging.slf4j.Slf4jImpl' adapter.
2026-03-05 20:32:34.718 [main] DEBUG org.apache.ibatis.logging.LogFactory - Logging initialized using 'class org.apache.ibatis.logging.slf4j.Slf4jImpl' adapter.
2026-03-05 20:32:34.736 [main] DEBUG o.apache.ibatis.datasource.pooled.PooledDataSource - PooledDataSource forcefully closed/removed all connections.
2026-03-05 20:32:34.736 [main] DEBUG o.apache.ibatis.datasource.pooled.PooledDataSource - PooledDataSource forcefully closed/removed all connections.
2026-03-05 20:32:34.736 [main] DEBUG o.apache.ibatis.datasource.pooled.PooledDataSource - PooledDataSource forcefully closed/removed all connections.
2026-03-05 20:32:34.736 [main] DEBUG o.apache.ibatis.datasource.pooled.PooledDataSource - PooledDataSource forcefully closed/removed all connections.
2026-03-05 20:32:34.778 [main] DEBUG o.apache.ibatis.transaction.jdbc.JdbcTransaction - Opening JDBC Connection
2026-03-05 20:32:35.087 [main] DEBUG o.apache.ibatis.datasource.pooled.PooledDataSource - Created connection 1453062635.
2026-03-05 20:32:35.089 [main] DEBUG o.apache.ibatis.transaction.jdbc.JdbcTransaction - Setting autocommit to false on JDBC Connection [com.mysql.cj.jdbc.ConnectionImpl@569bf9eb]
2026-03-05 20:32:35.092 [main] DEBUG car.insertCar - ==>  Preparing: insert into t_car (id, car_num, brand, guide_price, produce_time, car_type) values (null, '102', '丰田未来', 40.30, '2014-10-05', '氢能源')
2026-03-05 20:32:35.115 [main] DEBUG car.insertCar - ==> Parameters: 
2026-03-05 20:32:35.118 [main] DEBUG car.insertCar - <==    Updates: 1
2026-03-05 20:32:35.120 [main] DEBUG o.apache.ibatis.transaction.jdbc.JdbcTransaction - Committing JDBC Connection [com.mysql.cj.jdbc.ConnectionImpl@569bf9eb]
2026-03-05 20:32:35.122 [main] DEBUG o.apache.ibatis.transaction.jdbc.JdbcTransaction - Resetting autocommit to true on JDBC Connection [com.mysql.cj.jdbc.ConnectionImpl@569bf9eb]
2026-03-05 20:32:35.123 [main] DEBUG o.apache.ibatis.transaction.jdbc.JdbcTransaction - Closing JDBC Connection [com.mysql.cj.jdbc.ConnectionImpl@569bf9eb]
2026-03-05 20:32:35.123 [main] DEBUG o.apache.ibatis.datasource.pooled.PooledDataSource - Returned connection 1453062635 to pool.
2026-03-05 20:32:35.125 [main] DEBUG o.apache.ibatis.transaction.jdbc.JdbcTransaction - Opening JDBC Connection
2026-03-05 20:32:35.126 [main] DEBUG o.apache.ibatis.datasource.pooled.PooledDataSource - Checked out connection 1453062635 from pool.
2026-03-05 20:32:35.126 [main] DEBUG o.apache.ibatis.transaction.jdbc.JdbcTransaction - Setting autocommit to false on JDBC Connection [com.mysql.cj.jdbc.ConnectionImpl@569bf9eb]
2026-03-05 20:32:35.126 [main] DEBUG car.selectAllCars - ==>  Preparing: SELECT * FROM t_car
2026-03-05 20:32:35.127 [main] DEBUG car.selectAllCars - ==> Parameters: 
2026-03-05 20:32:35.150 [main] DEBUG car.selectAllCars - <==      Total: 10
2026-03-05 20:32:35.152 [main] DEBUG o.apache.ibatis.transaction.jdbc.JdbcTransaction - Resetting autocommit to true on JDBC Connection [com.mysql.cj.jdbc.ConnectionImpl@569bf9eb]
2026-03-05 20:32:35.153 [main] DEBUG o.apache.ibatis.transaction.jdbc.JdbcTransaction - Closing JDBC Connection [com.mysql.cj.jdbc.ConnectionImpl@569bf9eb]
2026-03-05 20:32:35.153 [main] DEBUG o.apache.ibatis.datasource.pooled.PooledDataSource - Returned connection 1453062635 to pool.
